
    -----------------------------------------------------------------------
          Psi4: An Open-Source Ab Initio Electronic Structure Package
                               Psi4 1.4a2.dev397 

                         Git: Rev {master} b3df9b2 dirty


    R. M. Parrish, L. A. Burns, D. G. A. Smith, A. C. Simmonett,
    A. E. DePrince III, E. G. Hohenstein, U. Bozkaya, A. Yu. Sokolov,
    R. Di Remigio, R. M. Richard, J. F. Gonthier, A. M. James,
    H. R. McAlexander, A. Kumar, M. Saitow, X. Wang, B. P. Pritchard,
    P. Verma, H. F. Schaefer III, K. Patkowski, R. A. King, E. F. Valeev,
    F. A. Evangelista, J. M. Turney, T. D. Crawford, and C. D. Sherrill,
    J. Chem. Theory Comput. 13(7) pp 3185--3197 (2017).
    (doi: 10.1021/acs.jctc.7b00174)


                         Additional Contributions by
    P. Kraus, H. Kruse, M. H. Lechner, M. C. Schieber, R. A. Shaw,
    A. Alenaizan, R. Galvelis, Z. L. Glick, S. Lehtola, and J. P. Misiewicz

    -----------------------------------------------------------------------


    Psi4 started on: Thursday, 09 July 2020 09:50PM

    Process ID: 65611
    Host:       illegally-used-at.fsu
    PSIDATADIR: /Users/deprince/edeprince3/psi4/install/master/share/psi4
    Memory:     500.0 MiB
    Threads:    1
    
  ==> Input File <==

--------------------------------------------------------------------------

# job description:
print('        H2O / 6-31g / DOCI, scf_type = DF, rOH = 1.0 A, aHOH = 104.5')

sys.path.insert(0, '../../..')
import hilbert

molecule h2o {
0 1
O
H 1 1.0
H 1 1.0 2 104.5
symmetry c1
}

set {
  reference rhf
  basis 6-31g
  scf_type df

  e_convergence 1e-10
  r_convergence 1e-8
  orbopt_gradient_convergence 1e-6
  orbopt_energy_convergence 1e-8

  localize_orbitals true
  noisy_orbitals true
  optimize_orbitals true
  orbopt_maxiter 1
  maxiter 10000

}

en,wfn = energy('doci',return_wfn = True)

ref_scf  = -75.98014193580194 # TEST
ref_doci = -76.052851232676   # TEST

compare_values(ref_scf, variable("SCF TOTAL ENERGY"), 8, "SCF total energy") # TEST
compare_values(ref_doci, variable("CURRENT ENERGY"), 5, "DOCI total energy") # TEST
--------------------------------------------------------------------------

Scratch directory: /tmp/

*** tstart() called on illegally-used-at.fsu
*** at Thu Jul  9 21:50:54 2020

   => Loading Basis Set <=

    Name: 6-31G
    Role: ORBITAL
    Keyword: BASIS
    atoms 1   entry O          line   117 file /Users/deprince/edeprince3/psi4/install/master/share/psi4/basis/6-31g.gbs 
    atoms 2-3 entry H          line    26 file /Users/deprince/edeprince3/psi4/install/master/share/psi4/basis/6-31g.gbs 


         ---------------------------------------------------------
                                   SCF
               by Justin Turney, Rob Parrish, Andy Simmonett
                          and Daniel G. A. Smith
                              RHF Reference
                        1 Threads,    500 MiB Core
         ---------------------------------------------------------

  ==> Geometry <==

    Molecular point group: c1
    Full point group: C2v

    Geometry (in Angstrom), charge = 0, multiplicity = 1:

       Center              X                  Y                   Z               Mass       
    ------------   -----------------  -----------------  -----------------  -----------------
         O            0.000000000000     0.000000000000    -0.068516219320    15.994914619570
         H            0.000000000000    -0.790689573744     0.543701060715     1.007825032230
         H            0.000000000000     0.790689573744     0.543701060715     1.007825032230

  Running in c1 symmetry.

  Rotational constants: A =     25.12555  B =     13.37733  C =      8.72955 [cm^-1]
  Rotational constants: A = 753245.07149  B = 401042.16706  C = 261705.25473 [MHz]
  Nuclear repulsion =    8.801465564567374

  Charge       = 0
  Multiplicity = 1
  Electrons    = 10
  Nalpha       = 5
  Nbeta        = 5

  ==> Algorithm <==

  SCF Algorithm Type is DF.
  DIIS enabled.
  MOM disabled.
  Fractional occupation disabled.
  Guess Type is SAD.
  Energy threshold   = 1.00e-10
  Density threshold  = 1.00e-08
  Integral threshold = 0.00e+00

  ==> Primary Basis <==

  Basis Set: 6-31G
    Blend: 6-31G
    Number of shells: 9
    Number of basis function: 13
    Number of Cartesian functions: 13
    Spherical Harmonics?: false
    Max angular momentum: 1

   => Loading Basis Set <=

    Name: (6-31G AUX)
    Role: JKFIT
    Keyword: DF_BASIS_SCF
    atoms 1   entry O          line   221 file /Users/deprince/edeprince3/psi4/install/master/share/psi4/basis/cc-pvdz-jkfit.gbs 
    atoms 2-3 entry H          line    51 file /Users/deprince/edeprince3/psi4/install/master/share/psi4/basis/cc-pvdz-jkfit.gbs 

  ==> Pre-Iterations <==

   -------------------------------------------------------
    Irrep   Nso     Nmo     Nalpha   Nbeta   Ndocc  Nsocc
   -------------------------------------------------------
     A         13      13       0       0       0       0
   -------------------------------------------------------
    Total      13      13       5       5       5       0
   -------------------------------------------------------

  ==> Integral Setup <==

  ==> DiskDFJK: Density-Fitted J/K Matrices <==

    J tasked:                  Yes
    K tasked:                  Yes
    wK tasked:                  No
    OpenMP threads:              1
    Integrals threads:           1
    Memory [MiB]:              375
    Algorithm:                Core
    Integral Cache:           SAVE
    Schwarz Cutoff:          1E-12
    Fitting Condition:       1E-10

   => Auxiliary Basis Set <=

  Basis Set: (6-31G AUX)
    Blend: CC-PVDZ-JKFIT
    Number of shells: 42
    Number of basis function: 131
    Number of Cartesian functions: 131
    Spherical Harmonics?: false
    Max angular momentum: 3

  Minimum eigenvalue in the overlap matrix is 7.3923788795E-02.
  Reciprocal condition number of the overlap matrix is 2.1980826342E-02.
    Using symmetric orthogonalization.
  SCF Guess: Superposition of Atomic Densities via on-the-fly atomic UHF.

  ==> Iterations <==

                           Total Energy        Delta E     RMS |[F,P]|

   @DF-RHF iter SAD:   -75.45941871343828   -7.54594e+01   0.00000e+00 
   @DF-RHF iter   1:   -75.90434666105367   -4.44928e-01   3.09953e-02 DIIS
   @DF-RHF iter   2:   -75.95857164768282   -5.42250e-02   1.90214e-02 DIIS
   @DF-RHF iter   3:   -75.97973621451969   -2.11646e-02   1.56674e-03 DIIS
   @DF-RHF iter   4:   -75.98012651826689   -3.90304e-04   3.11867e-04 DIIS
   @DF-RHF iter   5:   -75.98014154101817   -1.50228e-05   4.14320e-05 DIIS
   @DF-RHF iter   6:   -75.98014191790431   -3.76886e-07   8.27072e-06 DIIS
   @DF-RHF iter   7:   -75.98014193491713   -1.70128e-08   1.79874e-06 DIIS
   @DF-RHF iter   8:   -75.98014193578133   -8.64205e-10   3.33255e-07 DIIS
   @DF-RHF iter   9:   -75.98014193580164   -2.03073e-11   3.10076e-08 DIIS
   @DF-RHF iter  10:   -75.98014193580194   -2.98428e-13   2.58167e-09 DIIS
  Energy and wave function converged.


  ==> Post-Iterations <==

    Orbital Energies [Eh]
    ---------------------

    Doubly Occupied:                                                      

       1A    -20.568888     2A     -1.334712     3A     -0.686875  
       4A     -0.554298     5A     -0.499284  

    Virtual:                                                              

       6A      0.193417     7A      0.287599     8A      1.041506  
       9A      1.130380    10A      1.164432    11A      1.220999  
      12A      1.368964    13A      1.693510  

    Final Occupation by Irrep:
              A 
    DOCC [     5 ]

  @DF-RHF Final Energy:   -75.98014193580194

   => Energetics <=

    Nuclear Repulsion Energy =              8.8014655645673745
    One-Electron Energy =                -122.2751012239349109
    Two-Electron Energy =                  37.4934937235655994
    Total Energy =                        -75.9801419358019245

Computation Completed


Properties will be evaluated at   0.000000,   0.000000,   0.000000 [a0]

Properties computed using the SCF density matrix

  Nuclear Dipole Moment: [e a0]
     X:     0.0000      Y:     0.0000      Z:     1.0191

  Electronic Dipole Moment: [e a0]
     X:    -0.0000      Y:     0.0000      Z:     0.0213

  Dipole Moment: [e a0]
     X:    -0.0000      Y:     0.0000      Z:     1.0404     Total:     1.0404

  Dipole Moment: [D]
     X:    -0.0000      Y:     0.0000      Z:     2.6444     Total:     2.6444


*** tstop() called on illegally-used-at.fsu at Thu Jul  9 21:50:55 2020
Module time:
	user time   =       0.31 seconds =       0.01 minutes
	system time =       0.01 seconds =       0.00 minutes
	total time  =          1 seconds =       0.02 minutes
Total time:
	user time   =       0.31 seconds =       0.01 minutes
	system time =       0.01 seconds =       0.00 minutes
	total time  =          1 seconds =       0.02 minutes
 MINTS: Wrapper to libmints.
   by Justin Turney

   Calculation information:
      Number of threads:                 1
      Number of atoms:                   3
      Number of AO shells:               9
      Number of SO shells:               9
      Number of primitives:             22
      Number of atomic orbitals:        13
      Number of basis functions:        13

      Number of irreps:                  1
      Integral cutoff                 0.00e+00
      Number of functions per irrep: [  13 ]

 OEINTS: Overlap, kinetic, potential, dipole, and quadrupole integrals
         stored in file 35.

      Computing two-electron integrals...done
      Computed 2263 non-zero two-electron integrals.
        Stored in file 33.


Reading options from the HILBERT block
Calling plugin hilbert.so.


  ==> Pipek-Mezey Localizer <==

    Convergence =   1.000E-08
    Maxiter     =          50

    Iteration                   Metric       Residual
    @PM    0   4.0403577598919860E+00              -
    @PM    1   4.2293811168321778E+00   4.678382E-02
    @PM    2   4.2298843280346654E+00   1.189799E-04
    @PM    3   4.2298866055815463E+00   5.384419E-07
    @PM    4   4.2298866262938315E+00   4.896653E-09

    PM Localizer converged.



        ***************************************************
        *                                                 *
        *    DOCI                                         *
        *                                                 *
        *    doubly occupied configuration interaction    *
        *                                                 *
        ***************************************************

    ==> Convergence parameters <==

        r_convergence:                  1.000e-08
        e_convergence:                  1.000e-10
        maximum iterations:                 10000

    ==> Orbital optimization parameters <==

        localize orbitals?                    yes
        optimize orbitals?                    yes
        g_convergence:                  1.000e-06
        e_convergence:                  1.000e-08
        maximum iterations:                     1
        exact diagonal Hessian:              true
        number of DIIS vectors:                 0
        print iteration info:               false

    ==> Transform three-electron integrals <==

        Time for integral transformation:     0.01 s

    Molecular point group: c1
    Full point group: C2v

    Geometry (in Angstrom), charge = 0, multiplicity = 1:

       Center              X                  Y                   Z               Mass       
    ------------   -----------------  -----------------  -----------------  -----------------
         O            0.000000000000     0.000000000000    -0.068516219320    15.994914619570
         H            0.000000000000    -0.790689573744     0.543701060715     1.007825032230
         H            0.000000000000     0.790689573744     0.543701060715     1.007825032230

  -AO BASIS SET INFORMATION:
    Name                   = 6-31G
    Blend                  = 6-31G
    Total number of shells = 9
    Number of primitives   = 22
    Number of AO           = 13
    Number of SO           = 13
    Maximum AM             = 1
    Spherical Harmonics    = FALSE

  -Contraction Scheme:
    Atom   Type   All Primitives // Shells:
   ------ ------ --------------------------
       1     O     10s 4p // 3s 2p 
       2     H     4s // 2s 
       3     H     4s // 2s 

  ==> AO Basis Functions <==

    [ 6-31G ]
    cartesian
    ****
    O   1
    S   6 1.00
                      5484.67170000           0.00183110
                       825.23495000           0.01395010
                       188.04696000           0.06844510
                        52.96450000           0.23271430
                        16.89757000           0.47019300
                         5.79963530           0.35852090
    S   3 1.00
                        15.53961600          -0.11077750
                         3.59993360          -0.14802630
                         1.01376180           1.13076700
    P   3 1.00
                        15.53961600           0.07087430
                         3.59993360           0.33975280
                         1.01376180           0.72715860
    S   1 1.00
                         0.27000580           1.00000000
    P   1 1.00
                         0.27000580           1.00000000
    ****
    H   2
    S   3 1.00
                        18.73113700           0.03349460
                         2.82539370           0.23472695
                         0.64012170           0.81375733
    S   1 1.00
                         0.16127780           1.00000000
    ****
    H   3
    S   3 1.00
                        18.73113700           0.03349460
                         2.82539370           0.23472695
                         0.64012170           0.81375733
    S   1 1.00
                         0.16127780           1.00000000
    ****


    Number of DOCI configurations:       1287

    ==> Begin oo-DOCI iterations <==


       iter   iter(CI)   iter(oo)                E(CI)                E(oo)                 |dE|
          0         7           1     -76.009648067424     -76.014845730679      76.014845730679
          1         7           2     -76.017898102613     -76.023678303348       0.008832572668
          2         7           3     -76.028216927103     -76.036687367621       0.013009064273
          3         7           4     -76.047305056947     -76.048003107296       0.011315739675
          4         7           5     -76.048341532741     -76.049177155385       0.001174048089
          5         7           6     -76.049428598239     -76.049571901340       0.000394745955
          6         7           7     -76.049577649161     -76.049670623883       0.000098722543
          7         7           8     -76.049671518805     -76.049751892425       0.000081268542
          8         7           9     -76.049752564473     -76.049844284882       0.000092392457
          9         7          10     -76.049845347070     -76.050060056714       0.000215771831
         10         7          11     -76.050063986212     -76.051711651683       0.001651594969
         11         7          12     -76.052017626722     -76.052214070371       0.000502418688
         12         7          13     -76.052227908571     -76.052362080762       0.000148010391
         13         7          14     -76.052367621988     -76.052461293219       0.000099212457
         14         7          15     -76.052463591794     -76.052534971992       0.000073678772
         15         7          16     -76.052536672926     -76.052591852628       0.000056880636
         16         7          17     -76.052593277406     -76.052623287833       0.000031435205
         17         7          18     -76.052624509788     -76.052686856193       0.000063568359
         18         7          19     -76.052687829863     -76.052720717166       0.000033860973
         19         7          20     -76.052721565326     -76.052746028100       0.000025310934
         20         7          21     -76.052746734865     -76.052771596132       0.000025568032
         21         7          22     -76.052772152987     -76.052789895396       0.000018299264
         22         7          23     -76.052790372219     -76.052803550234       0.000013654838
         23         7          24     -76.052803941077     -76.052815983770       0.000012433536
         24         7          25     -76.052816285637     -76.052824905101       0.000008921331
         25         7          26     -76.052825155797     -76.052830851704       0.000005946603
         26         7          27     -76.052831050128     -76.052837061115       0.000006209411
         27         7          28     -76.052837212707     -76.052840895317       0.000003834202
         28         7          29     -76.052841016115     -76.052843916973       0.000003021656
         29         7          30     -76.052844006657     -76.052846047726       0.000002130753
         30         7          31     -76.052846117667     -76.052847617506       0.000001569780
         31         7          32     -76.052847668409     -76.052848731664       0.000001114158
         32         7          33     -76.052848770308     -76.052849523215       0.000000791552
         33         7          34     -76.052849550662     -76.052850076127       0.000000552912
         34         7          35     -76.052850096417     -76.052850459094       0.000000382967
         35         7          36     -76.052850473180     -76.052850720146       0.000000261052
         36         7          37     -76.052850730285     -76.052850897614       0.000000177467
         37         7          38     -76.052850904487     -76.052851014485       0.000000116871
         38         7          39     -76.052851019304     -76.052851093722       0.000000079237
         39         7          40     -76.052851096915     -76.052851142405       0.000000048683
         40         7          41     -76.052851144586     -76.052851177445       0.000000035040
         41         7          42     -76.052851178858     -76.052851198394       0.000000020950
         42         7          43     -76.052851199317     -76.052851211461       0.000000013066
         43         7          44     -76.052851212069     -76.052851219913       0.000000008452
         44         7          45     -76.052851220293     -76.052851225003       0.000000005091
         45         7          46     -76.052851225243     -76.052851228076       0.000000003072
         46         7          47     -76.052851228228     -76.052851230002       0.000000001926
         47         7          48     -76.052851230094     -76.052851231124       0.000000001122
         48         7          49     -76.052851231180     -76.052851231762       0.000000000638
         49         7          50     -76.052851231796     -76.052851232175       0.000000000413
         50         7          24     -76.052851232195     -76.052851232562       0.000000000387
         51         7          16     -76.052851232648     -76.052851232674       0.000000000112
         52         7           1     -76.052851232684     -76.052851232684       0.000000000009

      oo-DOCI iterations converged!

    * DOCI total energy:                  -76.052851232684


        DOCI one-electron energy =    -122.156343420147
        DOCI two-electron energy =      37.302026622896
        * DOCI total energy      =     -76.052851232684


 # Natural Orbital Occupation Numbers (spin free) #
 Irrep: 1
      1:  1.9999919
      2:  1.9928666
      3:  1.9755362
      4:  1.9755362
      5:  1.9928663
      6:  0.0238325
      7:  0.0238325
      8:  0.0011226
      9:  0.0011226
     10:  0.0064939
     11:  0.0064937
     12:  0.0001525
     13:  0.0001525

    SCF total energy..................................................PASSED
    DOCI total energy.................................................PASSED

    Psi4 stopped on: Thursday, 09 July 2020 09:51PM
    Psi4 wall time for execution: 0:00:07.74

*** Psi4 exiting successfully. Buy a developer a beer!
